// Vitest Snapshot v1, https://vitest.dev/guide/snapshot.html

exports[`Network Status Integration > should propagate state changes through component tree 1`] = `
<div>
  <div
    data-testid="app-content"
    style="height: 100vh;"
  >
    <div>
      Main Content
    </div>
  </div>
</div>
`;

exports[`Network Status Integration > should propagate state changes through component tree 2`] = `
<div>
  <div
    data-testid="app-content"
    style="height: 100vh;"
  >
    <div
      class="offline_banner bg-charcoal relative box-border flex flex-col min-h-min items-center content-center h-full py-4 px-2"
      role="alert"
      style="position: fixed; top: 0px; left: 0px; right: 0px; width: 100%; z-index: 1000;"
    >
      <div
        class="flex flex-col w-full items-center content-center"
      >
        <div
          class="w-64 flex flex-row"
        >
          <div
            class="relative inline-flex items-center justify-center overflow-hidden bg-transparent h-9 w-9 rounded-full"
          >
            <svg
              class="lucide lucide-wifi-off"
              fill="none"
              height="30"
              stroke="#fff"
              stroke-linecap="round"
              stroke-linejoin="round"
              stroke-width="2"
              viewBox="0 0 24 24"
              width="30"
              xmlns="http://www.w3.org/2000/svg"
            >
              <path
                d="M12 20h.01"
              />
              <path
                d="M8.5 16.429a5 5 0 0 1 7 0"
              />
              <path
                d="M5 12.859a10 10 0 0 1 5.17-2.69"
              />
              <path
                d="M19 12.859a10 10 0 0 0-2.007-1.523"
              />
              <path
                d="M2 8.82a15 15 0 0 1 4.177-2.643"
              />
              <path
                d="M22 8.82a15 15 0 0 0-11.288-3.764"
              />
              <path
                d="m2 2 20 20"
              />
            </svg>
          </div>
          <div
            class="flex flex-col items-center justify-center text-lg font-bold text-center align-middle ml-3"
          >
            You are offline. Please check your internet connection.
          </div>
        </div>
      </div>
    </div>
    <div>
      Main Content
    </div>
  </div>
</div>
`;

exports[`Network Status Integration > should propagate state changes through component tree 3`] = `
<div>
  <div
    data-testid="app-content"
    style="height: 100vh;"
  >
    <div>
      Main Content
    </div>
  </div>
</div>
`;
